]11;?[?25l[s[?1016$p[?2027$p[?2031$p[?1004$p[?2004$p[?2026$p[H]66;w=1; \[6n[H]66;s=2; \[6n[>0q[?u[u[s[?1049h[>4;1m[?2027h[?2004h[?1000h[?1002h[?1003h[?1006h[14t]0;OpenCode[?2026h[?25l[1;1H[38;2;255;255;255m[48;2;10;10;10m                                                                                [2;1H[38;2;255;255;255m[48;2;10;10;10m                                                                                [3;1H[38;2;255;255;255m[48;2;10;10;10m                                                                                [4;1H[38;2;255;255;255m[48;2;10;10;10m                                                                                [5;1H[38;2;255;255;255m[48;2;10;10;10m                                                                                [6;1H[38;2;255;255;255m[48;2;10;10;10m                     [0m[6;22H[38;2;128;128;128m[48;2;10;10;10m                   [0m[6;41H[38;2;255;255;255m[48;2;10;10;10m [0m[6;42H[38;2;238;238;238m[48;2;10;10;10m[1m             ▄     [0m[6;61H[38;2;255;255;255m[48;2;10;10;10m                    [7;1H[38;2;255;255;255m[48;2;10;10;10m                     [0m[7;22H[38;2;128;128;128m[48;2;10;10;10m█▀▀█ █▀▀█ █▀▀█ █▀▀▄[0m[7;41H[38;2;255;255;255m[48;2;10;10;10m [0m[7;42H[38;2;238;238;238m[48;2;10;10;10m[1m█▀▀▀ █▀▀█ █▀▀█ █▀▀█[0m[7;61H[38;2;255;255;255m[48;2;10;10;10m                    [8;1H[38;2;255;255;255m[48;2;10;10;10m                     [0m[8;22H[38;2;128;128;128m[48;2;10;10;10m█░░█ █░░█ █▀▀▀ █░░█[0m[8;41H[38;2;255;255;255m[48;2;10;10;10m [0m[8;42H[38;2;238;238;238m[48;2;10;10;10m[1m█░░░ █░░█ █░░█ █▀▀▀[0m[8;61H[38;2;255;255;255m[48;2;10;10;10m                    [9;1H[38;2;255;255;255m[48;2;10;10;10m                     [0m[9;22H[38;2;128;128;128m[48;2;10;10;10m▀▀▀▀ █▀▀▀ ▀▀▀▀ ▀  ▀[0m[9;41H[38;2;255;255;255m[48;2;10;10;10m [0m[9;42H[38;2;238;238;238m[48;2;10;10;10m[1m▀▀▀▀ ▀▀▀▀ ▀▀▀▀ ▀▀▀▀[0m[9;61H[38;2;255;255;255m[48;2;10;10;10m                    [10;1H[38;2;255;255;255m[48;2;10;10;10m                                                                                [11;1H[38;2;255;255;255m[48;2;10;10;10m                                                                                [12;1H[38;2;255;255;255m[48;2;10;10;10m   [0m[12;4H[38;2;92;156;245m[48;2;10;10;10m┃[0m[12;5H[38;2;255;255;255m[48;2;30;30;30m                                                                          [0m[12;79H[38;2;255;255;255m[48;2;10;10;10m  [13;1H[38;2;255;255;255m[48;2;10;10;10m   [0m[13;4H[38;2;92;156;245m[48;2;10;10;10m┃[0m[13;5H[38;2;255;255;255m[48;2;30;30;30m  [0m[13;7H[38;2;102;102;102m[48;2;30;30;30mAsk anything... "Fix a TODO in the codebase"[0m[13;51H[38;2;255;255;255m[48;2;30;30;30m                            [0m[13;79H[38;2;255;255;255m[48;2;10;10;10m  [14;1H[38;2;255;255;255m[48;2;10;10;10m   [0m[14;4H[38;2;92;156;245m[48;2;10;10;10m┃[0m[14;5H[38;2;255;255;255m[48;2;30;30;30m                                                                          [0m[14;79H[38;2;255;255;255m[48;2;10;10;10m  [15;1H[38;2;255;255;255m[48;2;10;10;10m   [0m[15;4H[38;2;92;156;245m[48;2;10;10;10m┃[0m[15;5H[38;2;255;255;255m[48;2;30;30;30m  [0m[15;7H[38;2;92;156;245m[48;2;30;30;30mBuild [0m[15;13H[38;2;255;255;255m[48;2;30;30;30m [0m[15;14H[38;2;238;238;238m[48;2;30;30;30mGPT-5.2 Chat[0m[15;26H[38;2;255;255;255m[48;2;30;30;30m [0m[15;27H[38;2;128;128;128m[48;2;30;30;30mOpenAI[0m[15;33H[38;2;255;255;255m[48;2;30;30;30m                                              [0m[15;79H[38;2;255;255;255m[48;2;10;10;10m  [16;1H[38;2;255;255;255m[48;2;10;10;10m   [0m[16;4H[38;2;92;156;245m[48;2;10;10;10m╹[0m[16;5H[38;2;30;30;30m[48;2;10;10;10m▀▀▀▀▀▀▀▀▀▀▀▀▀▀▀▀▀▀▀▀▀▀▀▀▀▀▀▀▀▀▀▀▀▀▀▀▀▀▀▀▀▀▀▀▀▀▀▀▀▀▀▀▀▀▀▀▀▀▀▀▀▀▀▀▀▀▀▀▀▀▀▀▀▀[0m[16;79H[38;2;255;255;255m[48;2;10;10;10m  [17;1H[38;2;255;255;255m[48;2;10;10;10m                                             [0m[17;46H[38;2;238;238;238m[48;2;10;10;10mtab [0m[17;50H[38;2;128;128;128m[48;2;10;10;10mswitch agent[0m[17;62H[38;2;255;255;255m[48;2;10;10;10m  [0m[17;64H[38;2;238;238;238m[48;2;10;10;10mctrl+p [0m[17;71H[38;2;128;128;128m[48;2;10;10;10mcommands[0m[17;79H[38;2;255;255;255m[48;2;10;10;10m  [18;1H[38;2;255;255;255m[48;2;10;10;10m                                                                                [19;1H[38;2;255;255;255m[48;2;10;10;10m                                                                                [20;1H[38;2;255;255;255m[48;2;10;10;10m                                                                                [21;1H[38;2;255;255;255m[48;2;10;10;10m                                                                                [22;1H[38;2;255;255;255m[48;2;10;10;10m                                                                                [23;1H[38;2;255;255;255m[48;2;10;10;10m  [0m[23;3H[38;2;128;128;128m[48;2;10;10;10m~/GitRepos/opencode[0m[23;22H[38;2;255;255;255m[48;2;10;10;10m                                                  [0m[23;72H[38;2;128;128;128m[48;2;10;10;10m1.0.200[0m[23;79H[38;2;255;255;255m[48;2;10;10;10m  [24;1H[38;2;255;255;255m[48;2;10;10;10m                                                                                [0m]12;#eeeeee[1 q[13;7H[?25h[?2026l[?2026h[?25l[6;55H[38;2;238;238;238m[48;2;10;10;10m[1m▄[0m[7;22H[38;2;128;128;128m[48;2;10;10;10m█▀▀█[0m[7;27H[38;2;128;128;128m[48;2;10;10;10m█▀▀█[0m[7;32H[38;2;128;128;128m[48;2;10;10;10m█▀▀█[0m[7;37H[38;2;128;128;128m[48;2;10;10;10m█▀▀▄[0m[7;42H[38;2;238;238;238m[48;2;10;10;10m[1m█▀▀▀[0m[7;47H[38;2;238;238;238m[48;2;10;10;10m[1m█▀▀█[0m[7;52H[38;2;238;238;238m[48;2;10;10;10m[1m█▀▀█[0m[7;57H[38;2;238;238;238m[48;2;10;10;10m[1m█▀▀█[0m[8;22H[38;2;128;128;128m[48;2;10;10;10m█░░█[0m[8;27H[38;2;128;128;128m[48;2;10;10;10m█░░█[0m[8;32H[38;2;128;128;128m[48;2;10;10;10m█▀▀▀[0m[8;37H[38;2;128;128;128m[48;2;10;10;10m█░░█[0m[8;42H[38;2;238;238;238m[48;2;10;10;10m[1m█░░░[0m[8;47H[38;2;238;238;238m[48;2;10;10;10m[1m█░░█[0m[8;52H[38;2;238;238;238m[48;2;10;10;10m[1m█░░█[0m[8;57H[38;2;238;238;238m[48;2;10;10;10m[1m█▀▀▀[0m[9;22H[38;2;128;128;128m[48;2;10;10;10m▀▀▀▀[0m[9;27H[38;2;128;128;128m[48;2;10;10;10m█▀▀▀[0m[9;32H[38;2;128;128;128m[48;2;10;10;10m▀▀▀▀[0m[9;37H[38;2;128;128;128m[48;2;10;10;10m▀[0m[9;40H[38;2;128;128;128m[48;2;10;10;10m▀[0m[9;42H[38;2;238;238;238m[48;2;10;10;10m[1m▀▀▀▀[0m[9;47H[38;2;238;238;238m[48;2;10;10;10m[1m▀▀▀▀[0m[9;52H[38;2;238;238;238m[48;2;10;10;10m[1m▀▀▀▀[0m[9;57H[38;2;238;238;238m[48;2;10;10;10m[1m▀▀▀▀[0m[15;21H[38;2;238;238;238m[48;2;30;30;30m-x[0m[15;24H[38;2;238;238;238m[48;2;30;30;30migh[0m[15;27H[38;2;255;255;255m[48;2;30;30;30m [0m[15;28H[38;2;128;128;128m[48;2;30;30;30mMyCodeX[0m[23;22H[38;2;128;128;128m[48;2;10;10;10m:my_dev[0m[0m[13;7H[?25h[?2026l[?2026h[?25l[6;55H[38;2;238;238;238m[48;2;10;10;10m[1m▄[0m[7;22H[38;2;128;128;128m[48;2;10;10;10m█▀▀█[0m[7;27H[38;2;128;128;128m[48;2;10;10;10m█▀▀█[0m[7;32H[38;2;128;128;128m[48;2;10;10;10m█▀▀█[0m[7;37H[38;2;128;128;128m[48;2;10;10;10m█▀▀▄[0m[7;42H[38;2;238;238;238m[48;2;10;10;10m[1m█▀▀▀[0m[7;47H[38;2;238;238;238m[48;2;10;10;10m[1m█▀▀█[0m[7;52H[38;2;238;238;238m[48;2;10;10;10m[1m█▀▀█[0m[7;57H[38;2;238;238;238m[48;2;10;10;10m[1m█▀▀█[0m[8;22H[38;2;128;128;128m[48;2;10;10;10m█░░█[0m[8;27H[38;2;128;128;128m[48;2;10;10;10m█░░█[0m[8;32H[38;2;128;128;128m[48;2;10;10;10m█▀▀▀[0m[8;37H[38;2;128;128;128m[48;2;10;10;10m█░░█[0m[8;42H[38;2;238;238;238m[48;2;10;10;10m[1m█░░░[0m[8;47H[38;2;238;238;238m[48;2;10;10;10m[1m█░░█[0m[8;52H[38;2;238;238;238m[48;2;10;10;10m[1m█░░█[0m[8;57H[38;2;238;238;238m[48;2;10;10;10m[1m█▀▀▀[0m[9;22H[38;2;128;128;128m[48;2;10;10;10m▀▀▀▀[0m[9;27H[38;2;128;128;128m[48;2;10;10;10m█▀▀▀[0m[9;32H[38;2;128;128;128m[48;2;10;10;10m▀▀▀▀[0m[9;37H[38;2;128;128;128m[48;2;10;10;10m▀[0m[9;40H[38;2;128;128;128m[48;2;10;10;10m▀[0m[9;42H[38;2;238;238;238m[48;2;10;10;10m[1m▀▀▀▀[0m[9;47H[38;2;238;238;238m[48;2;10;10;10m[1m▀▀▀▀[0m[9;52H[38;2;238;238;238m[48;2;10;10;10m[1m▀▀▀▀[0m[9;57H[38;2;238;238;238m[48;2;10;10;10m[1m▀▀▀▀[0m[0m[13;7H[?25h[?2026l[?2026h[?25l[6;55H[38;2;238;238;238m[48;2;10;10;10m[1m▄[0m[7;22H[38;2;128;128;128m[48;2;10;10;10m█▀▀█[0m[7;27H[38;2;128;128;128m[48;2;10;10;10m█▀▀█[0m[7;32H[38;2;128;128;128m[48;2;10;10;10m█▀▀█[0m[7;37H[38;2;128;128;128m[48;2;10;10;10m█▀▀▄[0m[7;42H[38;2;238;238;238m[48;2;10;10;10m[1m█▀▀▀[0m[7;47H[38;2;238;238;238m[48;2;10;10;10m[1m█▀▀█[0m[7;52H[38;2;238;238;238m[48;2;10;10;10m[1m█▀▀█[0m[7;57H[38;2;238;238;238m[48;2;10;10;10m[1m█▀▀█[0m[8;22H[38;2;128;128;128m[48;2;10;10;10m█░░█[0m[8;27H[38;2;128;128;128m[48;2;10;10;10m█░░█[0m[8;32H[38;2;128;128;128m[48;2;10;10;10m█▀▀▀[0m[8;37H[38;2;128;128;128m[48;2;10;10;10m█░░█[0m[8;42H[38;2;238;238;238m[48;2;10;10;10m[1m█░░░[0m[8;47H[38;2;238;238;238m[48;2;10;10;10m[1m█░░█[0m[8;52H[38;2;238;238;238m[48;2;10;10;10m[1m█░░█[0m[8;57H[38;2;238;238;238m[48;2;10;10;10m[1m█▀▀▀[0m[9;22H[38;2;128;128;128m[48;2;10;10;10m▀▀▀▀[0m[9;27H[38;2;128;128;128m[48;2;10;10;10m█▀▀▀[0m[9;32H[38;2;128;128;128m[48;2;10;10;10m▀▀▀▀[0m[9;37H[38;2;128;128;128m[48;2;10;10;10m▀[0m[9;40H[38;2;128;128;128m[48;2;10;10;10m▀[0m[9;42H[38;2;238;238;238m[48;2;10;10;10m[1m▀▀▀▀[0m[9;47H[38;2;238;238;238m[48;2;10;10;10m[1m▀▀▀▀[0m[9;52H[38;2;238;238;238m[48;2;10;10;10m[1m▀▀▀▀[0m[9;57H[38;2;238;238;238m[48;2;10;10;10m[1m▀▀▀▀[0m[23;31H[38;2;127;216;143m[48;2;10;10;10m⊙ [0m[23;33H[38;2;238;238;238m[48;2;10;10;10m1 MCP[0m[23;39H[38;2;128;128;128m[48;2;10;10;10m/status[0m[0m[13;7H[?25h[?2026l[?2026h[?25l[6;55H[38;2;238;238;238m[48;2;10;10;10m[1m▄[0m[7;22H[38;2;128;128;128m[48;2;10;10;10m█▀▀█[0m[7;27H[38;2;128;128;128m[48;2;10;10;10m█▀▀█[0m[7;32H[38;2;128;128;128m[48;2;10;10;10m█▀▀█[0m[7;37H[38;2;128;128;128m[48;2;10;10;10m█▀▀▄[0m[7;42H[38;2;238;238;238m[48;2;10;10;10m[1m█▀▀▀[0m[7;47H[38;2;238;238;238m[48;2;10;10;10m[1m█▀▀█[0m[7;52H[38;2;238;238;238m[48;2;10;10;10m[1m█▀▀█[0m[7;57H[38;2;238;238;238m[48;2;10;10;10m[1m█▀▀█[0m[8;22H[38;2;128;128;128m[48;2;10;10;10m█░░█[0m[8;27H[38;2;128;128;128m[48;2;10;10;10m█░░█[0m[8;32H[38;2;128;128;128m[48;2;10;10;10m█▀▀▀[0m[8;37H[38;2;128;128;128m[48;2;10;10;10m█░░█[0m[8;42H[38;2;238;238;238m[48;2;10;10;10m[1m█░░░[0m[8;47H[38;2;238;238;238m[48;2;10;10;10m[1m█░░█[0m[8;52H[38;2;238;238;238m[48;2;10;10;10m[1m█░░█[0m[8;57H[38;2;238;238;238m[48;2;10;10;10m[1m█▀▀▀[0m[9;22H[38;2;128;128;128m[48;2;10;10;10m▀▀▀▀[0m[9;27H[38;2;128;128;128m[48;2;10;10;10m█▀▀▀[0m[9;32H[38;2;128;128;128m[48;2;10;10;10m▀▀▀▀[0m[9;37H[38;2;128;128;128m[48;2;10;10;10m▀[0m[9;40H[38;2;128;128;128m[48;2;10;10;10m▀[0m[9;42H[38;2;238;238;238m[48;2;10;10;10m[1m▀▀▀▀[0m[9;47H[38;2;238;238;238m[48;2;10;10;10m[1m▀▀▀▀[0m[9;52H[38;2;238;238;238m[48;2;10;10;10m[1m▀▀▀▀[0m[9;57H[38;2;238;238;238m[48;2;10;10;10m[1m▀▀▀▀[0m[23;31H[38;2;127;216;143m[48;2;10;10;10m⊙[0m[0m[13;7H[?25h[?2026l]0;[?25h[0m[>4;0m[?1003l[?1002l[?1000l[?1006l[?2004l[?1049l]0;]12;default]112[0 q[?25h[?25h